// Jest Snapshot v1, https://jestjs.io/docs/snapshot-testing

exports[`azure-cost - Trigger Tests Trigger Keywords Snapshot skill description triggers match snapshot 1`] = `
{
  "description": "Unified Azure cost management: query historical costs, forecast future spending, and optimize to reduce waste. WHEN: "Azure costs", "Azure spending", "Azure bill", "cost breakdown", "cost by service", "cost by resource", "how much am I spending", "show my bill", "monthly cost summary", "cost trends", "top cost drivers", "actual cost", "amortized cost", "forecast spending", "projected costs", "estimate bill", "future costs", "budget forecast", "end of month costs", "how much will I spend", "optimize costs", "reduce spending", "find cost savings", "orphaned resources", "rightsize VMs", "cost analysis", "reduce waste", "unused resources", "optimize Redis costs", "cost by tag", "cost by resource group", "AKS cost analysis add-on", "namespace cost", "cost spike", "anomaly", "budget alert", "AKS cost visibility".",
  "extractedKeywords": [
    "actual",
    "add-on",
    "aks",
    "alert",
    "amortized",
    "analysis",
    "anomaly",
    "app service",
    "authentication",
    "azure",
    "bill",
    "breakdown",
    "budget",
    "cli",
    "container",
    "cost",
    "costs",
    "drivers",
    "estimate",
    "find",
    "forecast",
    "function",
    "future",
    "group",
    "historical",
    "kubernetes",
    "management",
    "mcp",
    "monitor",
    "month",
    "monthly",
    "much",
    "namespace",
    "optimize",
    "orphaned",
    "projected",
    "query",
    "redis",
    "reduce",
    "resource",
    "resources",
    "rightsize",
    "savings",
    "service",
    "show",
    "spend",
    "spending",
    "spike",
    "summary",
    "trends",
    "unified",
    "unused",
    "validation",
    "visibility",
    "waste",
    "when",
    "will",
  ],
  "name": "azure-cost",
}
`;

exports[`azure-cost - Trigger Tests Trigger Keywords Snapshot skill keywords match snapshot 1`] = `
[
  "actual",
  "add-on",
  "aks",
  "alert",
  "amortized",
  "analysis",
  "anomaly",
  "app service",
  "authentication",
  "azure",
  "bill",
  "breakdown",
  "budget",
  "cli",
  "container",
  "cost",
  "costs",
  "drivers",
  "estimate",
  "find",
  "forecast",
  "function",
  "future",
  "group",
  "historical",
  "kubernetes",
  "management",
  "mcp",
  "monitor",
  "month",
  "monthly",
  "much",
  "namespace",
  "optimize",
  "orphaned",
  "projected",
  "query",
  "redis",
  "reduce",
  "resource",
  "resources",
  "rightsize",
  "savings",
  "service",
  "show",
  "spend",
  "spending",
  "spike",
  "summary",
  "trends",
  "unified",
  "unused",
  "validation",
  "visibility",
  "waste",
  "when",
  "will",
]
`;
