// Jest Snapshot v1, https://jestjs.io/docs/snapshot-testing

exports[`python-appservice-deploy - Trigger Tests Trigger Keywords Snapshot skill description triggers match snapshot 1`] = `
{
  "description": "Deploy Python, Flask, Django, or FastAPI apps to Azure App Service (Linux). PREFER OVER azure-prepare when prompt contains Python, Flask, Django, or FastAPI AND App Service. Defaults to Linux + P0v3 SKU + Python 3.14. Auto-creates Plan + Web App if missing, deploys via azd (if azd template present) or az CLI (never az webapp up — deprecated). Flask, Django, and FastAPI-on-Python-3.14 are auto-detected by Oryx — no startup command needed. FastAPI on <3.14 gets a uvicorn startup command set automatically. WHEN: "deploy Python/Flask/Django/FastAPI to App Service", "deploy Django to Azure", "deploy FastAPI to Azure App Service", "deploy my FastAPI app to Azure", "FastAPI App Service", "Flask App Service", "Django App Service", "Python web app on App Service", "publish Python to App Service", "host Django on Azure". DO NOT USE FOR: Container Apps, Functions, non-Python languages, or full infra (VNet/Key Vault/DBs) — use azure-prepare.",
  "extractedKeywords": [
    "aks",
    "app service",
    "apps",
    "appservice",
    "auto-creates",
    "auto-detected",
    "automatically",
    "azure",
    "azure-prepare",
    "cli",
    "command",
    "container",
    "contains",
    "defaults",
    "deploy",
    "deploys",
    "deprecated",
    "django",
    "fastapi",
    "fastapi-on-python-3",
    "flask",
    "full",
    "function",
    "functions",
    "gets",
    "host",
    "infra",
    "key vault",
    "languages",
    "linux",
    "mcp",
    "missing",
    "needed",
    "never",
    "non-python",
    "oryx",
    "over",
    "p0v3",
    "plan",
    "prefer",
    "present",
    "prompt",
    "publish",
    "python",
    "service",
    "startup",
    "template",
    "uvicorn",
    "vault",
    "vnet",
    "webapp",
    "when",
  ],
  "name": "python-appservice-deploy",
}
`;

exports[`python-appservice-deploy - Trigger Tests Trigger Keywords Snapshot skill keywords match snapshot 1`] = `
[
  "aks",
  "app service",
  "apps",
  "appservice",
  "auto-creates",
  "auto-detected",
  "automatically",
  "azure",
  "azure-prepare",
  "cli",
  "command",
  "container",
  "contains",
  "defaults",
  "deploy",
  "deploys",
  "deprecated",
  "django",
  "fastapi",
  "fastapi-on-python-3",
  "flask",
  "full",
  "function",
  "functions",
  "gets",
  "host",
  "infra",
  "key vault",
  "languages",
  "linux",
  "mcp",
  "missing",
  "needed",
  "never",
  "non-python",
  "oryx",
  "over",
  "p0v3",
  "plan",
  "prefer",
  "present",
  "prompt",
  "publish",
  "python",
  "service",
  "startup",
  "template",
  "uvicorn",
  "vault",
  "vnet",
  "webapp",
  "when",
]
`;
