// Jest Snapshot v1, https://jestjs.io/docs/snapshot-testing

exports[`azure-project-plan - Trigger Tests Trigger Keywords Snapshot skill description triggers match snapshot 1`] = `
{
  "description": "Plan and design an Azure-centric project with user requirements gathering and interactive plan approval. Generates .azure/project-plan.md, then auto-chains to azure-project-scaffold. PREFER OVER azure-prepare when the user wants a NEW project from scratch (azure-prepare ships existing code). WHEN: "plan project", "design app", "new project", "project requirements", "create project plan", "plan my app", "what should I build", "scaffold project", "new Azure app", "create testable app", "new API project", "full-stack Azure app", "new project with tests", "create app", "bootstrap project", "new fullstack project", "testable API", "create functions project". DO NOT USE FOR: shipping existing codebases to Azure (use azure-prepare), authoring Bicep/Terraform for already-built apps (use azure-prepare).",
  "extractedKeywords": [
    "already-built",
    "approval",
    "apps",
    "authentication",
    "authoring",
    "auto-chains",
    "azure",
    "azure-centric",
    "azure-prepare",
    "azure-project-scaffold",
    "bicep",
    "bootstrap",
    "build",
    "cli",
    "code",
    "codebases",
    "cosmos",
    "create",
    "deploy",
    "design",
    "existing",
    "from",
    "full-stack",
    "fullstack",
    "function",
    "functions",
    "gathering",
    "generates",
    "interactive",
    "over",
    "plan",
    "prefer",
    "project",
    "project-plan",
    "redis",
    "requirements",
    "scaffold",
    "scratch",
    "shipping",
    "ships",
    "should",
    "sql",
    "storage",
    "terraform",
    "testable",
    "tests",
    "then",
    "user",
    "validation",
    "wants",
    "what",
    "when",
    "with",
  ],
  "name": "azure-project-plan",
}
`;

exports[`azure-project-plan - Trigger Tests Trigger Keywords Snapshot skill keywords match snapshot 1`] = `
[
  "already-built",
  "approval",
  "apps",
  "authentication",
  "authoring",
  "auto-chains",
  "azure",
  "azure-centric",
  "azure-prepare",
  "azure-project-scaffold",
  "bicep",
  "bootstrap",
  "build",
  "cli",
  "code",
  "codebases",
  "cosmos",
  "create",
  "deploy",
  "design",
  "existing",
  "from",
  "full-stack",
  "fullstack",
  "function",
  "functions",
  "gathering",
  "generates",
  "interactive",
  "over",
  "plan",
  "prefer",
  "project",
  "project-plan",
  "redis",
  "requirements",
  "scaffold",
  "scratch",
  "shipping",
  "ships",
  "should",
  "sql",
  "storage",
  "terraform",
  "testable",
  "tests",
  "then",
  "user",
  "validation",
  "wants",
  "what",
  "when",
  "with",
]
`;
