// Jest Snapshot v1, https://goo.gl/fbAQLP

exports[`azure-prepare - Trigger Tests Trigger Keywords Snapshot skill description triggers match snapshot 1`] = `
{
  "description": "Default entry point for Azure application development. Analyzes your project and prepares it for Azure deployment by generating infrastructure code (Bicep/Terraform), azure.yaml, and Dockerfiles. Preparation ONLY — does not execute deployments. After preparation, hand off to azure-validate then azure-deploy for execution. WHEN: "create an app", "build a web app", "create API", "create frontend", "create backend", "add a feature", "build a service", "develop a project", "migrate my app", "modernize my code", "update my application", "add database", "add authentication", "add caching", "deploy to Azure", "host on Azure", "Azure with terraform", "Azure with azd", "generate azure.yaml", "generate Bicep", "generate Terraform", "create Azure Functions app", "create serverless HTTP API", "create function app", "create event-driven function", "create and deploy to Azure", "create Azure Functions and deploy", "create function app and deploy".",
  "extractedKeywords": [
    "after",
    "analyzes",
    "application",
    "authentication",
    "azure",
    "azure-deploy",
    "azure-validate",
    "backend",
    "bicep",
    "build",
    "caching",
    "cli",
    "code",
    "create",
    "database",
    "default",
    "deploy",
    "deployment",
    "deployments",
    "develop",
    "development",
    "dockerfiles",
    "does",
    "entry",
    "event-driven",
    "execute",
    "execution",
    "feature",
    "frontend",
    "function",
    "functions",
    "generate",
    "generating",
    "hand",
    "host",
    "http",
    "identity",
    "infrastructure",
    "migrate",
    "modernize",
    "only",
    "point",
    "preparation",
    "prepare",
    "prepares",
    "project",
    "security",
    "serverless",
    "service",
    "terraform",
    "then",
    "update",
    "validation",
    "when",
    "with",
    "yaml",
    "your",
  ],
  "name": "azure-prepare",
}
`;

exports[`azure-prepare - Trigger Tests Trigger Keywords Snapshot skill keywords match snapshot 1`] = `
[
  "after",
  "analyzes",
  "application",
  "authentication",
  "azure",
  "azure-deploy",
  "azure-validate",
  "backend",
  "bicep",
  "build",
  "caching",
  "cli",
  "code",
  "create",
  "database",
  "default",
  "deploy",
  "deployment",
  "deployments",
  "develop",
  "development",
  "dockerfiles",
  "does",
  "entry",
  "event-driven",
  "execute",
  "execution",
  "feature",
  "frontend",
  "function",
  "functions",
  "generate",
  "generating",
  "hand",
  "host",
  "http",
  "identity",
  "infrastructure",
  "migrate",
  "modernize",
  "only",
  "point",
  "preparation",
  "prepare",
  "prepares",
  "project",
  "security",
  "serverless",
  "service",
  "terraform",
  "then",
  "update",
  "validation",
  "when",
  "with",
  "yaml",
  "your",
]
`;
