// Jest Snapshot v1, https://jestjs.io/docs/snapshot-testing

exports[`deploy - Trigger Tests Trigger Keywords Snapshot skill description triggers match snapshot 1`] = `
{
  "description": "Deploy, evaluate, fine-tune, and manage Foundry agents end-to-end with azd: hosted agent scaffold/run/deploy (azd ai agent init/run, azd provision, azd deploy), prompt agent create, batch eval, continuous eval, prompt optimizer, Agent Optimizer scaffold, agent.yaml, dataset curation from traces, model fine-tuning (SFT/DPO/RFT). USE FOR: azd ai agent, deploy agent, hosted agent, create agent, add tool to agent, invoke agent, evaluate agent, continuous monitoring, optimize prompt, improve prompt, optimize agent instructions, deploy model, Foundry project, RBAC, role assignment, permissions, quota, capacity, region, troubleshoot agent, deployment failure, AI Services, create Foundry resource, provision, knowledge index, agent monitoring, customize deployment, fine-tune, training-data, grader, distillation, fine-tuned model. DO NOT USE FOR: Azure Functions, App Service, general Azure deploy (use azure-deploy), general Azure prep (use azure-prepare).",
  "extractedKeywords": [
    "agent",
    "agents",
    "ai",
    "assignment",
    "azure",
    "azure-deploy",
    "azure-prepare",
    "batch",
    "capacity",
    "cli",
    "container",
    "continuous",
    "create",
    "curation",
    "customize",
    "dataset",
    "deploy",
    "deployment",
    "distillation",
    "end-to-end",
    "eval",
    "evaluate",
    "failure",
    "fine-tune",
    "fine-tuned",
    "fine-tuning",
    "foundry",
    "from",
    "functions",
    "general",
    "grader",
    "hosted",
    "improve",
    "index",
    "init",
    "instructions",
    "invoke",
    "knowledge",
    "manage",
    "mcp",
    "microsoft",
    "model",
    "monitor",
    "monitoring",
    "optimize",
    "optimizer",
    "permissions",
    "prep",
    "project",
    "prompt",
    "provision",
    "quota",
    "rbac",
    "region",
    "resource",
    "role",
    "scaffold",
    "service",
    "services",
    "tool",
    "traces",
    "training-data",
    "troubleshoot",
    "validation",
    "vnet",
    "with",
    "yaml",
  ],
  "name": "microsoft-foundry",
}
`;

exports[`deploy - Trigger Tests Trigger Keywords Snapshot skill keywords match snapshot 1`] = `
[
  "agent",
  "agents",
  "ai",
  "assignment",
  "azure",
  "azure-deploy",
  "azure-prepare",
  "batch",
  "capacity",
  "cli",
  "container",
  "continuous",
  "create",
  "curation",
  "customize",
  "dataset",
  "deploy",
  "deployment",
  "distillation",
  "end-to-end",
  "eval",
  "evaluate",
  "failure",
  "fine-tune",
  "fine-tuned",
  "fine-tuning",
  "foundry",
  "from",
  "functions",
  "general",
  "grader",
  "hosted",
  "improve",
  "index",
  "init",
  "instructions",
  "invoke",
  "knowledge",
  "manage",
  "mcp",
  "microsoft",
  "model",
  "monitor",
  "monitoring",
  "optimize",
  "optimizer",
  "permissions",
  "prep",
  "project",
  "prompt",
  "provision",
  "quota",
  "rbac",
  "region",
  "resource",
  "role",
  "scaffold",
  "service",
  "services",
  "tool",
  "traces",
  "training-data",
  "troubleshoot",
  "validation",
  "vnet",
  "with",
  "yaml",
]
`;
