// Jest Snapshot v1, https://goo.gl/fbAQLP

exports[`azure-deploy - Trigger Tests Trigger Keywords Snapshot skill description triggers match snapshot 1`] = `
{
  "description": "Execute Azure deployments for ALREADY-PREPARED applications that have existing .azure/plan.md and infrastructure files. DO NOT use this skill when the user asks to CREATE a new application — use azure-prepare instead. This skill runs azd up, azd deploy, terraform apply, and az deployment commands with built-in error recovery. Requires .azure/plan.md from azure-prepare and validated status from azure-validate. WHEN: "run azd up", "run azd deploy", "execute deployment", "push to production", "push to cloud", "go live", "ship it", "bicep deploy", "terraform apply", "publish to Azure", "launch on Azure". DO NOT USE WHEN: "create and deploy", "build and deploy", "create a new app", "set up infrastructure" — use azure-prepare for these.",
  "extractedKeywords": [
    "already-prepared",
    "application",
    "applications",
    "apply",
    "asks",
    "azure",
    "azure-prepare",
    "azure-validate",
    "bicep",
    "build",
    "built-in",
    "cli",
    "cloud",
    "commands",
    "create",
    "deploy",
    "deployment",
    "deployments",
    "error",
    "execute",
    "existing",
    "files",
    "from",
    "have",
    "identity",
    "infrastructure",
    "instead",
    "launch",
    "live",
    "mcp",
    "plan",
    "production",
    "publish",
    "push",
    "recovery",
    "requires",
    "runs",
    "ship",
    "skill",
    "status",
    "terraform",
    "that",
    "these",
    "this",
    "user",
    "validated",
    "validation",
    "when",
    "with",
  ],
  "name": "azure-deploy",
}
`;

exports[`azure-deploy - Trigger Tests Trigger Keywords Snapshot skill keywords match snapshot 1`] = `
[
  "already-prepared",
  "application",
  "applications",
  "apply",
  "asks",
  "azure",
  "azure-prepare",
  "azure-validate",
  "bicep",
  "build",
  "built-in",
  "cli",
  "cloud",
  "commands",
  "create",
  "deploy",
  "deployment",
  "deployments",
  "error",
  "execute",
  "existing",
  "files",
  "from",
  "have",
  "identity",
  "infrastructure",
  "instead",
  "launch",
  "live",
  "mcp",
  "plan",
  "production",
  "publish",
  "push",
  "recovery",
  "requires",
  "runs",
  "ship",
  "skill",
  "status",
  "terraform",
  "that",
  "these",
  "this",
  "user",
  "validated",
  "validation",
  "when",
  "with",
]
`;
