// Jest Snapshot v1, https://goo.gl/fbAQLP

exports[`github-copilot - Trigger Tests Trigger Keywords Snapshot skill description triggers match snapshot 1`] = `
{
  "description": "Build apps with the GitHub Copilot SDK or Copilot Extensions and deploy to Azure. Copilot SDK embeds agentic workflows in your app via @github/copilot-sdk. Copilot Extensions build webhook agents for GitHub Copilot Chat via @copilot-extensions/preview-sdk. USE FOR: copilot SDK, copilot extension, @github/copilot-sdk, embed copilot, copilot-powered app, copilot agent, build copilot extension, copilot-extensions, preview-sdk, copilot webhook, SSE streaming agent. DO NOT USE FOR: using Copilot (not building with it), Azure Functions without Copilot (use azure-functions), general web apps (use azure-prepare), AI model deployment alone (use microsoft-foundry).",
  "extractedKeywords": [
    "agent",
    "agentic",
    "agents",
    "alone",
    "apps",
    "azure",
    "azure-functions",
    "azure-prepare",
    "build",
    "building",
    "chat",
    "container",
    "copilot",
    "copilot-extensions",
    "copilot-powered",
    "copilot-sdk",
    "deploy",
    "deployment",
    "embed",
    "embeds",
    "extension",
    "extensions",
    "functions",
    "general",
    "github",
    "identity",
    "key vault",
    "microsoft-foundry",
    "model",
    "preview-sdk",
    "streaming",
    "using",
    "webhook",
    "with",
    "without",
    "workflows",
    "your",
  ],
  "name": "github-copilot",
}
`;

exports[`github-copilot - Trigger Tests Trigger Keywords Snapshot skill keywords match snapshot 1`] = `
[
  "agent",
  "agentic",
  "agents",
  "alone",
  "apps",
  "azure",
  "azure-functions",
  "azure-prepare",
  "build",
  "building",
  "chat",
  "container",
  "copilot",
  "copilot-extensions",
  "copilot-powered",
  "copilot-sdk",
  "deploy",
  "deployment",
  "embed",
  "embeds",
  "extension",
  "extensions",
  "functions",
  "general",
  "github",
  "identity",
  "key vault",
  "microsoft-foundry",
  "model",
  "preview-sdk",
  "streaming",
  "using",
  "webhook",
  "with",
  "without",
  "workflows",
  "your",
]
`;
