// Jest Snapshot v1, https://jestjs.io/docs/snapshot-testing

exports[`azure-app-onboard/deploy - Trigger Tests Trigger Keywords Snapshot parent skill keywords match snapshot 1`] = `
[
  "aks",
  "analyzes",
  "app",
  "approval",
  "apps",
  "auto-detects",
  "azure",
  "azure-app-onboard-prereq",
  "azure-cost",
  "azure-deploy",
  "bicep",
  "bring",
  "build",
  "changes",
  "checks",
  "cli",
  "cloud",
  "code",
  "cost",
  "costs",
  "deploy",
  "deployment",
  "deploys",
  "diagnostic",
  "end-to-end",
  "estimates",
  "existing",
  "from",
  "github",
  "handles",
  "have",
  "help",
  "identity",
  "including",
  "infrastructure",
  "kubernetes",
  "mcp",
  "migrate",
  "minimal",
  "moving",
  "need",
  "non-azure",
  "onboard",
  "one-click",
  "only",
  "optimizing",
  "orchestrator",
  "plan",
  "pre-deploy",
  "project",
  "rbac",
  "readiness",
  "ready",
  "repo",
  "rewriting",
  "right",
  "running",
  "scaffolds",
  "security",
  "services",
  "started",
  "starter",
  "swaps",
  "tailored",
  "template",
  "terraform",
  "validation",
  "want",
  "what",
  "when",
  "with",
  "without",
  "your",
]
`;
