// Jest Snapshot v1, https://goo.gl/fbAQLP

exports[`appinsights-instrumentation - Trigger Tests Trigger Keywords Snapshot skill description triggers match snapshot 1`] = `
{
  "description": "Instrument web applications to send telemetry data to Azure Application Insights for observability and monitoring. USE FOR: instrument app with app insights, add appinsights instrumentation, configure application insights, set up telemetry monitoring, enable app insights auto-instrumentation, add observability to azure web app, instrument webapp to send data to app insights, configure telemetry for app service. DO NOT USE FOR: non-Azure monitoring (use CloudWatch for AWS, Datadog for third-party), log analysis (use azure-kusto), cost monitoring (use azure-cost-optimization), security monitoring (use azure-security).",
  "extractedKeywords": [
    "analysis",
    "app service",
    "appinsights",
    "application",
    "applications",
    "auto-instrumentation",
    "azure",
    "azure-cost-optimization",
    "azure-kusto",
    "azure-security",
    "bicep",
    "cli",
    "cloudwatch",
    "configure",
    "container",
    "cost",
    "data",
    "datadog",
    "enable",
    "insights",
    "instrument",
    "instrumentation",
    "monitoring",
    "non-azure",
    "observability",
    "security",
    "send",
    "service",
    "telemetry",
    "third-party",
    "webapp",
    "with",
  ],
  "name": "appinsights-instrumentation",
}
`;

exports[`appinsights-instrumentation - Trigger Tests Trigger Keywords Snapshot skill keywords match snapshot 1`] = `
[
  "analysis",
  "app service",
  "appinsights",
  "application",
  "applications",
  "auto-instrumentation",
  "azure",
  "azure-cost-optimization",
  "azure-kusto",
  "azure-security",
  "bicep",
  "cli",
  "cloudwatch",
  "configure",
  "container",
  "cost",
  "data",
  "datadog",
  "enable",
  "insights",
  "instrument",
  "instrumentation",
  "monitoring",
  "non-azure",
  "observability",
  "security",
  "send",
  "service",
  "telemetry",
  "third-party",
  "webapp",
  "with",
]
`;
