// Jest Snapshot v1, https://jestjs.io/docs/snapshot-testing

exports[`gcp-cloudrun-to-container-apps - Trigger Tests Trigger Keywords Snapshot skill description triggers match snapshot 1`] = `
{
  "description": "Migrate containerized workloads from Google Cloud Run to Azure Container Apps with assessment reports and deployment guidance. WHEN: migrate Cloud Run to Container Apps, migrate Cloud Run to Azure, convert Cloud Run services to ACA, move from Cloud Run to Azure Container Apps, Cloud Run to ACA migration assessment, migrate GCP Cloud Run workloads to Azure, assess Cloud Run to Container Apps migration, Cloud Run migration planning. DO NOT USE FOR: general GCP-to-Azure migration (use azure-cloud-migrate), new Container Apps deployments without migration (use azure-prepare), GKE or Kubernetes migration (use k8s-to-container-apps).",
  "extractedKeywords": [
    "apps",
    "assess",
    "assessment",
    "azure",
    "azure-cloud-migrate",
    "azure-prepare",
    "cli",
    "cloud",
    "cloudrun",
    "container",
    "containerized",
    "convert",
    "deploy",
    "deployment",
    "deployments",
    "from",
    "gcp",
    "gcp-to-azure",
    "general",
    "google",
    "guidance",
    "identity",
    "k8s-to-container-apps",
    "key vault",
    "kubernetes",
    "mcp",
    "migrate",
    "migration",
    "move",
    "networking",
    "planning",
    "reports",
    "services",
    "when",
    "with",
    "without",
    "workloads",
  ],
  "name": "gcp-cloudrun-to-container-apps",
}
`;

exports[`gcp-cloudrun-to-container-apps - Trigger Tests Trigger Keywords Snapshot skill keywords match snapshot 1`] = `
[
  "apps",
  "assess",
  "assessment",
  "azure",
  "azure-cloud-migrate",
  "azure-prepare",
  "cli",
  "cloud",
  "cloudrun",
  "container",
  "containerized",
  "convert",
  "deploy",
  "deployment",
  "deployments",
  "from",
  "gcp",
  "gcp-to-azure",
  "general",
  "google",
  "guidance",
  "identity",
  "k8s-to-container-apps",
  "key vault",
  "kubernetes",
  "mcp",
  "migrate",
  "migration",
  "move",
  "networking",
  "planning",
  "reports",
  "services",
  "when",
  "with",
  "without",
  "workloads",
]
`;
