// Jest Snapshot v1, https://jestjs.io/docs/snapshot-testing

exports[`azure-hosted-copilot-sdk - Trigger Tests Trigger Keywords Snapshot skill description triggers match snapshot 1`] = `
{
  "description": "Build, deploy, modify GitHub Copilot SDK apps on Azure. MANDATORY for ANY existing codebase containing @github/copilot-sdk or CopilotClient in package.json — intercepts ALL prompts (deploy, modify, add feature, update, ship) even without copilot keywords in prompt. PREFER OVER azure-prepare when codebase contains copilot-sdk markers. ALWAYS CHECK package.json for @github/copilot-sdk before routing deploy or modify prompts to azure-prepare. WHEN: copilot SDK, @github/copilot-sdk, copilot-powered app, deploy copilot app, deploy this app, add feature to this app, modify this app, update this app, BYOM, bring your own model, CopilotClient, createSession, sendAndWait, azd init copilot. DO NOT USE FOR: general web apps without copilot SDK (use azure-prepare), Copilot Extensions, Foundry agents (use microsoft-foundry).",
  "extractedKeywords": [
    "agents",
    "always",
    "apps",
    "azure",
    "azure-prepare",
    "before",
    "bicep",
    "bring",
    "build",
    "byom",
    "check",
    "cli",
    "codebase",
    "containing",
    "contains",
    "copilot",
    "copilot-powered",
    "copilot-sdk",
    "copilotclient",
    "createsession",
    "deploy",
    "even",
    "existing",
    "extensions",
    "feature",
    "foundry",
    "general",
    "github",
    "hosted",
    "identity",
    "init",
    "intercepts",
    "json",
    "keywords",
    "mandatory",
    "markers",
    "microsoft-foundry",
    "model",
    "modify",
    "over",
    "package",
    "prefer",
    "prompt",
    "prompts",
    "routing",
    "sdk",
    "sendandwait",
    "ship",
    "this",
    "update",
    "when",
    "without",
    "your",
  ],
  "name": "azure-hosted-copilot-sdk",
}
`;

exports[`azure-hosted-copilot-sdk - Trigger Tests Trigger Keywords Snapshot skill keywords match snapshot 1`] = `
[
  "agents",
  "always",
  "apps",
  "azure",
  "azure-prepare",
  "before",
  "bicep",
  "bring",
  "build",
  "byom",
  "check",
  "cli",
  "codebase",
  "containing",
  "contains",
  "copilot",
  "copilot-powered",
  "copilot-sdk",
  "copilotclient",
  "createsession",
  "deploy",
  "even",
  "existing",
  "extensions",
  "feature",
  "foundry",
  "general",
  "github",
  "hosted",
  "identity",
  "init",
  "intercepts",
  "json",
  "keywords",
  "mandatory",
  "markers",
  "microsoft-foundry",
  "model",
  "modify",
  "over",
  "package",
  "prefer",
  "prompt",
  "prompts",
  "routing",
  "sdk",
  "sendandwait",
  "ship",
  "this",
  "update",
  "when",
  "without",
  "your",
]
`;
